// Jest Snapshot v1, https://goo.gl/fbAQLP

exports[`PlayPauseControl 1`] = `
<div
  className="sc-bwzfXH knKTcO"
  onClick={[Function]}
>
  <svg
    className={undefined}
    viewBox="0 0 20.03 25"
  >
    <path
      d="M7 21.52a3.48 3.48 0 0 1-7 0v-18a3.48 3.48 0 1 1 7 0zm0 0M20 21.52a3.48 3.48 0 0 1-7 0v-18a3.48 3.48 0 0 1 7 0zm0 0"
      fill="#fff"
    />
  </svg>
</div>
`;

exports[`PlayPauseControl 2`] = `
<div
  className="sc-bwzfXH knKTcO"
  onClick={[Function]}
>
  <svg
    className={undefined}
    viewBox="0 0 20.03 25"
  >
    <path
      d="M7 21.52a3.48 3.48 0 0 1-7 0v-18a3.48 3.48 0 1 1 7 0zm0 0M20 21.52a3.48 3.48 0 0 1-7 0v-18a3.48 3.48 0 0 1 7 0zm0 0"
      fill="#fff"
    />
  </svg>
</div>
`;
